warning: Nix search path entry '/nix/var/nix/profiles/per-user/root/channels' does not exist, ignoring
evaluation warning: `boot.zfs.forceImportRoot` is using the default value of `true`. It is highly recommended to set it to `false`, the new default from 26.11 on, to reduce the risk of data loss. Alternatively, you can silence this warning by explicitly setting it to `true`.
these 46 derivations will be built:
  /nix/store/f0sinsdwhz6lnh84glas4xx1xaz8wvhi-system-path.drv
  /nix/store/0qsvhp2ry7yxkxnvhgz354x8qapg3as6-dbus-1.drv
  /nix/store/j5nj6qkvnwxdgzdysygkbq5fsblnz3lp-etc-systemd-resolved.conf.drv
  /nix/store/2vzxvbg6jn0m7hbdp4vlwhk4ixp4kh33-X-Reload-Triggers-systemd-resolved.drv
  /nix/store/2yj55f9cla94557imll83pkg2c8gzfa5-initrd-linux-6.18.53.drv
  /nix/store/8qlx3sn49ivv2q32ikm6wv7y6nh291l1-unit-10-lan-ports.network.drv
  /nix/store/hsa9psp1q3lypcx8ggcdcjf6cmkjc3p6-unit-10-br-lan.network.drv
  /nix/store/4xzq3jjcyjh57hm9hypalaz2r3m6mqhn-X-Reload-Triggers-systemd-networkd.drv
  /nix/store/52n46gmnx3smrzg1wjr19dx9lqhpny6f-etc-sysctl.d-60-nixos.conf.drv
  /nix/store/va81anylb2xnpy5j72c414izkw9mc0mr-users-groups.json.drv
  /nix/store/jj4z78gk9ic50ynm3pygy6274q3nq4py-extra-udev-rules.drv
  /nix/store/7j5194ybp5s7l27nf136b86wvndb92sq-udev-rules.drv
  /nix/store/989hc0sln03s4srk7il3k5ann6q8zk4s-etc-resolvconf.conf.drv
  /nix/store/vjd53px8g77jidjcqwklkyl9dc5qr0kq-X-Restart-Triggers-dbus-broker.drv
  /nix/store/jvnn24kvlxqqhf9w1ddllph6hhs9p4ja-unit-dbus-broker.service.drv
  /nix/store/9kswsjrzp457ffxyw40k8c22mvkqrmwb-user-units.drv
  /nix/store/9vmfvqpmcmj60c14yrdk2wfkjk8gihdz-unit-10-br-lan.netdev.drv
  /nix/store/dazjzl70q7pra5qwd89l4ywg2f595r7x-etc-systemd-networkd.conf.drv
  /nix/store/f0kwq0rxbbiwy367f7h58hp2qppss6k2-hwdb.bin.drv
  /nix/store/ic371i1kv5safpl49kgipa71qlp7fjrw-etc-nsswitch.conf.drv
  /nix/store/6p4zqv5pdq2s48jwz4glz4izhc215nyz-unit-systemd-networkd-varlink-metrics.socket.drv
  /nix/store/7zaly6hh940w5k72qdv98l8nfs6r00cb-unit-systemd-resolved.service.drv
  /nix/store/a1ycc2l6x2hbsw4qk8cg2qiqxg2q1y4n-unit-systemd-networkd-wait-online-.service.drv
  /nix/store/rv6hy4nyqw70rc0car23wizcb3rrwjya-nixos-tmpfiles.d.drv
  /nix/store/wh4mplckkv6aliqa94g696b6cfdrazis-tmpfiles.d.drv
  /nix/store/s2w7r8jjkk2wadghxsjj594hi2grqfp7-X-Restart-Triggers-systemd-tmpfiles-resetup.drv
  /nix/store/b4hbp5bksywzl7g247x1h7jq2baa38kr-unit-systemd-tmpfiles-resetup.service.drv
  /nix/store/jfb23a3ki7i1582l72mah3zp469qhwmg-unit-systemd-networkd.socket.drv
  /nix/store/bpafh244pabr3dvsh0kfcl95vrzjykyv-X-Restart-Triggers-systemd-networkd.drv
  /nix/store/mnazgbxzphdxxhlhmls7h28mrzj5d1vn-unit-systemd-networkd.service.drv
  /nix/store/pdp6i7drzil2nkj9jyyn8g4s8wrl23aw-unit-network-local-commands.service-disabled.drv
  /nix/store/s06b93js1qfyacl2ps407bvpvvx0qnyl-unit-dbus-broker.service.drv
  /nix/store/zyqjdvzmr69xampd6az5095gzyics0jj-X-Restart-Triggers-systemd-sysctl.drv
  /nix/store/s0dhp110bwsw7k5vd2ppvfw9pvm9rcgq-unit-systemd-sysctl.service.drv
  /nix/store/vakrhchczvljc2za28hvf0f1l3b3cayb-unit-systemd-networkd-wait-online.service.drv
  /nix/store/xmp33cz8h417l9n8s91jlha2w7xdwz83-X-Restart-Triggers-systemd-udevd.drv
  /nix/store/xbr95z79si1v6b6b6np0p78h61jn2api-unit-systemd-udevd.service.drv
  /nix/store/lfiy8x2khzkqyy5sxvg3dqhaxjvginqk-system-units.drv
  /nix/store/y012jrd06f40mvy0ga142x49k60mjmgs-etc.drv
  /nix/store/6ak8981arhjvanzhjfsayk8w0ljrfp9l-activate.drv
  /nix/store/hj3bd9b54p5azzkw3gx0r3mjgl7gx7ay-dry-activate.drv
  /nix/store/qj4ifqgig3sif5ilm3ig9xwxczwkfs2d-boot.json.drv
  /nix/store/sa2lhkqhd80947s3qdnqff9jj6piy30d-nixos-system-r4s-sd-card-26.05.10620.f5c082a40f75.drv
  /nix/store/kfwlzl3zs1j8x88hgj2m1v6z4iqczqh6-closure-info.drv
  /nix/store/f1v9bx3npvlzgdvk77rvkjwqhn53h7mp-ext4-fs.img.drv
  /nix/store/pp5pws7m65lphxlq8z00d5xlazc7fz09-nixos-image-sd-card-26.05.10620.f5c082a40f75-aarch64-linux.img.drv
building '/nix/store/f0sinsdwhz6lnh84glas4xx1xaz8wvhi-system-path.drv'...
building '/nix/store/2yj55f9cla94557imll83pkg2c8gzfa5-initrd-linux-6.18.53.drv'...
building '/nix/store/ic371i1kv5safpl49kgipa71qlp7fjrw-etc-nsswitch.conf.drv'...
building '/nix/store/989hc0sln03s4srk7il3k5ann6q8zk4s-etc-resolvconf.conf.drv'...
building '/nix/store/52n46gmnx3smrzg1wjr19dx9lqhpny6f-etc-sysctl.d-60-nixos.conf.drv'...
building '/nix/store/dazjzl70q7pra5qwd89l4ywg2f595r7x-etc-systemd-networkd.conf.drv'...
building '/nix/store/j5nj6qkvnwxdgzdysygkbq5fsblnz3lp-etc-systemd-resolved.conf.drv'...
building '/nix/store/jj4z78gk9ic50ynm3pygy6274q3nq4py-extra-udev-rules.drv'...
building '/nix/store/rv6hy4nyqw70rc0car23wizcb3rrwjya-nixos-tmpfiles.d.drv'...
building '/nix/store/9vmfvqpmcmj60c14yrdk2wfkjk8gihdz-unit-10-br-lan.netdev.drv'...
building '/nix/store/zyqjdvzmr69xampd6az5095gzyics0jj-X-Restart-Triggers-systemd-sysctl.drv'...
building '/nix/store/bpafh244pabr3dvsh0kfcl95vrzjykyv-X-Restart-Triggers-systemd-networkd.drv'...
building '/nix/store/f0kwq0rxbbiwy367f7h58hp2qppss6k2-hwdb.bin.drv'...
building '/nix/store/wh4mplckkv6aliqa94g696b6cfdrazis-tmpfiles.d.drv'...
building '/nix/store/2vzxvbg6jn0m7hbdp4vlwhk4ixp4kh33-X-Reload-Triggers-systemd-resolved.drv'...
building '/nix/store/7j5194ybp5s7l27nf136b86wvndb92sq-udev-rules.drv'...
building '/nix/store/hsa9psp1q3lypcx8ggcdcjf6cmkjc3p6-unit-10-br-lan.network.drv'...
building '/nix/store/s2w7r8jjkk2wadghxsjj594hi2grqfp7-X-Restart-Triggers-systemd-tmpfiles-resetup.drv'...
building '/nix/store/8qlx3sn49ivv2q32ikm6wv7y6nh291l1-unit-10-lan-ports.network.drv'...
building '/nix/store/pdp6i7drzil2nkj9jyyn8g4s8wrl23aw-unit-network-local-commands.service-disabled.drv'...
building '/nix/store/6p4zqv5pdq2s48jwz4glz4izhc215nyz-unit-systemd-networkd-varlink-metrics.socket.drv'...
building '/nix/store/4xzq3jjcyjh57hm9hypalaz2r3m6mqhn-X-Reload-Triggers-systemd-networkd.drv'...
building '/nix/store/a1ycc2l6x2hbsw4qk8cg2qiqxg2q1y4n-unit-systemd-networkd-wait-online-.service.drv'...
building '/nix/store/vakrhchczvljc2za28hvf0f1l3b3cayb-unit-systemd-networkd-wait-online.service.drv'...
building '/nix/store/mnazgbxzphdxxhlhmls7h28mrzj5d1vn-unit-systemd-networkd.service.drv'...
building '/nix/store/0qsvhp2ry7yxkxnvhgz354x8qapg3as6-dbus-1.drv'...
building '/nix/store/jfb23a3ki7i1582l72mah3zp469qhwmg-unit-systemd-networkd.socket.drv'...
building '/nix/store/xmp33cz8h417l9n8s91jlha2w7xdwz83-X-Restart-Triggers-systemd-udevd.drv'...
building '/nix/store/7zaly6hh940w5k72qdv98l8nfs6r00cb-unit-systemd-resolved.service.drv'...
building '/nix/store/s0dhp110bwsw7k5vd2ppvfw9pvm9rcgq-unit-systemd-sysctl.service.drv'...
building '/nix/store/b4hbp5bksywzl7g247x1h7jq2baa38kr-unit-systemd-tmpfiles-resetup.service.drv'...
building '/nix/store/xbr95z79si1v6b6b6np0p78h61jn2api-unit-systemd-udevd.service.drv'...
building '/nix/store/vjd53px8g77jidjcqwklkyl9dc5qr0kq-X-Restart-Triggers-dbus-broker.drv'...
building '/nix/store/va81anylb2xnpy5j72c414izkw9mc0mr-users-groups.json.drv'...
building '/nix/store/jvnn24kvlxqqhf9w1ddllph6hhs9p4ja-unit-dbus-broker.service.drv'...
building '/nix/store/s06b93js1qfyacl2ps407bvpvvx0qnyl-unit-dbus-broker.service.drv'...
building '/nix/store/hj3bd9b54p5azzkw3gx0r3mjgl7gx7ay-dry-activate.drv'...
building '/nix/store/lfiy8x2khzkqyy5sxvg3dqhaxjvginqk-system-units.drv'...
building '/nix/store/9kswsjrzp457ffxyw40k8c22mvkqrmwb-user-units.drv'...
building '/nix/store/qj4ifqgig3sif5ilm3ig9xwxczwkfs2d-boot.json.drv'...
building '/nix/store/y012jrd06f40mvy0ga142x49k60mjmgs-etc.drv'...
building '/nix/store/6ak8981arhjvanzhjfsayk8w0ljrfp9l-activate.drv'...
building '/nix/store/sa2lhkqhd80947s3qdnqff9jj6piy30d-nixos-system-r4s-sd-card-26.05.10620.f5c082a40f75.drv'...
building '/nix/store/kfwlzl3zs1j8x88hgj2m1v6z4iqczqh6-closure-info.drv'...
building '/nix/store/f1v9bx3npvlzgdvk77rvkjwqhn53h7mp-ext4-fs.img.drv'...
building '/nix/store/pp5pws7m65lphxlq8z00d5xlazc7fz09-nixos-image-sd-card-26.05.10620.f5c082a40f75-aarch64-linux.img.drv'...
