warning: Nix search path entry '/nix/var/nix/profiles/per-user/root/channels' does not exist, ignoring
evaluation warning: `boot.zfs.forceImportRoot` is using the default value of `true`. It is highly recommended to set it to `false`, the new default from 26.11 on, to reduce the risk of data loss. Alternatively, you can silence this warning by explicitly setting it to `true`.
these 9 derivations will be built:
  /nix/store/y3jyfcpbi0z3kjxmpa4n5ghfmpcj2viv-unit-script-r4s-early-log-start.drv
  /nix/store/681qhld8m9x9bcwrxx9cfgxqds465fmd-unit-r4s-early-log.service.drv
  /nix/store/bcwfnlcnhs5mgzlv2g8zngyw0l85nd7k-system-units.drv
  /nix/store/2b7lmgvbv6x0sgfg3jw7wv5jmb04akiz-etc.drv
  /nix/store/x12s8gmjrq37fmn6a8qhyghqsn6kfxfa-activate.drv
  /nix/store/zb1c0lh5ajmg7bnr0nin2c46ryc5c34s-nixos-system-r4s-sd-card-26.05.10620.f5c082a40f75.drv
  /nix/store/fq71ybs14x9psda9yjv36ab3qrifzna4-closure-info.drv
  /nix/store/m46q811w48a6vzz1g39m26jggalkvn0y-ext4-fs.img.drv
  /nix/store/amcwdfmlxf59rxyd4a3pwv8vwsqlhs4r-nixos-image-sd-card-26.05.10620.f5c082a40f75-aarch64-linux.img.drv
building '/nix/store/y3jyfcpbi0z3kjxmpa4n5ghfmpcj2viv-unit-script-r4s-early-log-start.drv'...
building '/nix/store/681qhld8m9x9bcwrxx9cfgxqds465fmd-unit-r4s-early-log.service.drv'...
building '/nix/store/bcwfnlcnhs5mgzlv2g8zngyw0l85nd7k-system-units.drv'...
building '/nix/store/2b7lmgvbv6x0sgfg3jw7wv5jmb04akiz-etc.drv'...
building '/nix/store/x12s8gmjrq37fmn6a8qhyghqsn6kfxfa-activate.drv'...
building '/nix/store/zb1c0lh5ajmg7bnr0nin2c46ryc5c34s-nixos-system-r4s-sd-card-26.05.10620.f5c082a40f75.drv'...
building '/nix/store/fq71ybs14x9psda9yjv36ab3qrifzna4-closure-info.drv'...
building '/nix/store/m46q811w48a6vzz1g39m26jggalkvn0y-ext4-fs.img.drv'...
building '/nix/store/amcwdfmlxf59rxyd4a3pwv8vwsqlhs4r-nixos-image-sd-card-26.05.10620.f5c082a40f75-aarch64-linux.img.drv'...
