warning: Nix search path entry '/nix/var/nix/profiles/per-user/root/channels' does not exist, ignoring
evaluation warning: `boot.zfs.forceImportRoot` is using the default value of `true`. It is highly recommended to set it to `false`, the new default from 26.11 on, to reduce the risk of data loss. Alternatively, you can silence this warning by explicitly setting it to `true`.
these 9 derivations will be built:
  /nix/store/nz9wygfd2svbqvwwpba2z7f2kipiajkr-unit-script-r4s-diag-start.drv
  /nix/store/ndc2w1blc0k63di82r922pq7xcb33l5n-unit-r4s-diag.service.drv
  /nix/store/9dv8cvkd2bl72q6lfhir0yqrpwhfxxzb-system-units.drv
  /nix/store/hy2w2iqb1p4gy2r7vaxf5laikr71g7l8-etc.drv
  /nix/store/3dsz859b4y6hwjvsjjncwqb33f620l63-activate.drv
  /nix/store/4v7b3j56yzansm4fjd1kfa55ki5hpk02-nixos-system-r4s-sd-card-26.05.10620.f5c082a40f75.drv
  /nix/store/1f21q9n0ib6an9prsdv8pap8pcnjz2q7-closure-info.drv
  /nix/store/a652wvlrygby90zdm6ks0wa7lr9g5iqi-ext4-fs.img.drv
  /nix/store/cqyfk7aqxr7g90i457n9a8d4c32zih1i-nixos-image-sd-card-26.05.10620.f5c082a40f75-aarch64-linux.img.drv
this path will be fetched (16.4 KiB download, 74.1 KiB unpacked):
  /nix/store/sygrd15yicxnlg1rx1x3zlxv3sbgj8xw-bridge-utils-1.7.1
copying path '/nix/store/sygrd15yicxnlg1rx1x3zlxv3sbgj8xw-bridge-utils-1.7.1' from 'https://cache.nixos.org'...
building '/nix/store/nz9wygfd2svbqvwwpba2z7f2kipiajkr-unit-script-r4s-diag-start.drv'...
building '/nix/store/ndc2w1blc0k63di82r922pq7xcb33l5n-unit-r4s-diag.service.drv'...
building '/nix/store/9dv8cvkd2bl72q6lfhir0yqrpwhfxxzb-system-units.drv'...
building '/nix/store/hy2w2iqb1p4gy2r7vaxf5laikr71g7l8-etc.drv'...
building '/nix/store/3dsz859b4y6hwjvsjjncwqb33f620l63-activate.drv'...
building '/nix/store/4v7b3j56yzansm4fjd1kfa55ki5hpk02-nixos-system-r4s-sd-card-26.05.10620.f5c082a40f75.drv'...
building '/nix/store/1f21q9n0ib6an9prsdv8pap8pcnjz2q7-closure-info.drv'...
building '/nix/store/a652wvlrygby90zdm6ks0wa7lr9g5iqi-ext4-fs.img.drv'...
building '/nix/store/cqyfk7aqxr7g90i457n9a8d4c32zih1i-nixos-image-sd-card-26.05.10620.f5c082a40f75-aarch64-linux.img.drv'...
