warning: Nix search path entry '/nix/var/nix/profiles/per-user/root/channels' does not exist, ignoring
warning: In a derivation named 'neovim-unwrapped-0.9.5', 'structuredAttrs' disables the effect of the derivation attribute 'disallowedRequisites'; use 'outputChecks.<output>.disallowedRequisites' instead
these 19 derivations will be built:
  /nix/store/xw4rhk4b226z93k6nl9ahyhnkr39pf8l-unit-40-eth1.link.drv
  /nix/store/6pn3fnkwm826lc90ykd9nx3yg0j2fliy-link-units.drv
  /nix/store/ikzj8bjrqxiia73r2q6lng78hrxnjfdj-unit-network-setup.service.drv
  /nix/store/wy6zp9p4haqryfgpqvak4y4qn2bbcciz-etc-sysctl.d-60-nixos.conf.drv
  /nix/store/c66gcq75w8y76b1ikcc1rfdsw4j1wacx-X-Restart-Triggers-systemd-sysctl.drv
  /nix/store/s7f9xbcmk643cpinx02f7l34sb6blcmq-unit-systemd-sysctl.service.drv
  /nix/store/d3d093zmkh4q02rky22x3c9r3gsj2ri1-unit-script-network-addresses-eth1-pre-stop.drv
  /nix/store/x66mcz7hbybdzv8zxhdnydvhvi8mjv1b-unit-script-network-addresses-eth1-start.drv
  /nix/store/wzgfmkg8mzha8ph4y9j31y5rzbx9jhdp-unit-network-addresses-eth1.service.drv
  /nix/store/bm0g728bglri9zfjkgr18f8a57xicigr-system-units.drv
  /nix/store/m9y9xdariczqh52ggi4v0aaiq5sm7s3w-etc-modprobe.d-nixos.conf.drv
  /nix/store/8gp6y02f6plhmjxafvsdbh310mwwhhvr-etc.drv
  /nix/store/d67lllw7xmshd49zg7vkdx9kvqbkgssf-stage-1-init.sh.drv
  /nix/store/chk1smjmzrr7kvbr9p2028ybjca7ld3w-initrd-linux-6.6.68.drv
  /nix/store/c1s19rp8scsw9q7cmrswqjhqfagqq1va-boot.json.drv
  /nix/store/kvg776dgn6sy7p90f8ihfidzaiw2mbvj-nixos-system-r4s-24.05.7376.b134951a4c9f.drv
  /nix/store/vn6rrfpx8pgbf1h2nvi15106q5ya8w8x-closure-info.drv
  /nix/store/l7f9kr84zwlz1iasps8x7d7v9xqpj6kw-ext4-fs.img.drv
  /nix/store/d3jd41p1i7q4dybby0llkbp1c3binivw-nixos-sd-image-24.05.7376.b134951a4c9f-aarch64-linux.img.drv
building '/nix/store/m9y9xdariczqh52ggi4v0aaiq5sm7s3w-etc-modprobe.d-nixos.conf.drv'...
building '/nix/store/wy6zp9p4haqryfgpqvak4y4qn2bbcciz-etc-sysctl.d-60-nixos.conf.drv'...
building '/nix/store/xw4rhk4b226z93k6nl9ahyhnkr39pf8l-unit-40-eth1.link.drv'...
building '/nix/store/ikzj8bjrqxiia73r2q6lng78hrxnjfdj-unit-network-setup.service.drv'...
building '/nix/store/d3d093zmkh4q02rky22x3c9r3gsj2ri1-unit-script-network-addresses-eth1-pre-stop.drv'...
building '/nix/store/x66mcz7hbybdzv8zxhdnydvhvi8mjv1b-unit-script-network-addresses-eth1-start.drv'...
building '/nix/store/c66gcq75w8y76b1ikcc1rfdsw4j1wacx-X-Restart-Triggers-systemd-sysctl.drv'...
building '/nix/store/6pn3fnkwm826lc90ykd9nx3yg0j2fliy-link-units.drv'...
building '/nix/store/wzgfmkg8mzha8ph4y9j31y5rzbx9jhdp-unit-network-addresses-eth1.service.drv'...
building '/nix/store/s7f9xbcmk643cpinx02f7l34sb6blcmq-unit-systemd-sysctl.service.drv'...
building '/nix/store/d67lllw7xmshd49zg7vkdx9kvqbkgssf-stage-1-init.sh.drv'...
building '/nix/store/bm0g728bglri9zfjkgr18f8a57xicigr-system-units.drv'...
building '/nix/store/chk1smjmzrr7kvbr9p2028ybjca7ld3w-initrd-linux-6.6.68.drv'...
building '/nix/store/c1s19rp8scsw9q7cmrswqjhqfagqq1va-boot.json.drv'...
building '/nix/store/8gp6y02f6plhmjxafvsdbh310mwwhhvr-etc.drv'...
building '/nix/store/kvg776dgn6sy7p90f8ihfidzaiw2mbvj-nixos-system-r4s-24.05.7376.b134951a4c9f.drv'...
building '/nix/store/vn6rrfpx8pgbf1h2nvi15106q5ya8w8x-closure-info.drv'...
building '/nix/store/l7f9kr84zwlz1iasps8x7d7v9xqpj6kw-ext4-fs.img.drv'...
building '/nix/store/d3jd41p1i7q4dybby0llkbp1c3binivw-nixos-sd-image-24.05.7376.b134951a4c9f-aarch64-linux.img.drv'...
