warning: Nix search path entry '/nix/var/nix/profiles/per-user/root/channels' does not exist, ignoring
evaluation warning: `boot.zfs.forceImportRoot` is using the default value of `true`. It is highly recommended to set it to `false`, the new default from 26.11 on, to reduce the risk of data loss. Alternatively, you can silence this warning by explicitly setting it to `true`.
these 9 derivations will be built:
  /nix/store/6wmnz1iqvrn5dbq4szhm76bbbwhpa0zb-watchdog-feed.drv
  /nix/store/6wkr3a3y982sqsgj59q7jijyw55y1xvp-unit-watchdog-feed.service.drv
  /nix/store/445dmhn0i2xbap107nw7iq6h78jfjvx7-system-units.drv
  /nix/store/pjsmg8s8fkyg1n6pb8vmj9s6cx934pdj-etc.drv
  /nix/store/l0bdq36brs0hyivxwvi9f9gjk615mhm7-activate.drv
  /nix/store/nyya22yjqi7y7rr84xhvri6mqvyc6qfb-nixos-system-r4s-sd-card-26.05.10620.f5c082a40f75.drv
  /nix/store/ylg4lxcxaibdcgk158j4mw26nv48rllh-closure-info.drv
  /nix/store/23fs98zhals1kqw19vx4bjss2z4m9vch-ext4-fs.img.drv
  /nix/store/zjsijj7xy2y1kmdya55fhs5c9lwvla76-nixos-image-sd-card-26.05.10620.f5c082a40f75-aarch64-linux.img.drv
building '/nix/store/6wmnz1iqvrn5dbq4szhm76bbbwhpa0zb-watchdog-feed.drv'...
building '/nix/store/6wkr3a3y982sqsgj59q7jijyw55y1xvp-unit-watchdog-feed.service.drv'...
building '/nix/store/445dmhn0i2xbap107nw7iq6h78jfjvx7-system-units.drv'...
building '/nix/store/pjsmg8s8fkyg1n6pb8vmj9s6cx934pdj-etc.drv'...
building '/nix/store/l0bdq36brs0hyivxwvi9f9gjk615mhm7-activate.drv'...
building '/nix/store/nyya22yjqi7y7rr84xhvri6mqvyc6qfb-nixos-system-r4s-sd-card-26.05.10620.f5c082a40f75.drv'...
building '/nix/store/ylg4lxcxaibdcgk158j4mw26nv48rllh-closure-info.drv'...
building '/nix/store/23fs98zhals1kqw19vx4bjss2z4m9vch-ext4-fs.img.drv'...
building '/nix/store/zjsijj7xy2y1kmdya55fhs5c9lwvla76-nixos-image-sd-card-26.05.10620.f5c082a40f75-aarch64-linux.img.drv'...
