warning: Nix search path entry '/nix/var/nix/profiles/per-user/root/channels' does not exist, ignoring
evaluation warning: `boot.zfs.forceImportRoot` is using the default value of `true`. It is highly recommended to set it to `false`, the new default from 26.11 on, to reduce the risk of data loss. Alternatively, you can silence this warning by explicitly setting it to `true`.
these 11 derivations will be built:
  /nix/store/xyrj7pfrbyb45r5475ii6bcf08cxk714-unit-script-r4s-pstore-start.drv
  /nix/store/31x495n3x8wldh59q3xq2l26x0a8bv29-unit-r4s-pstore.service.drv
  /nix/store/6z28296li3dq33lb1c347lqxyh8k6sj7-system-units.drv
  /nix/store/s8270icyz8qcbh5qwbblkzgkz7p1y8p0-initrd-linux-6.18.53.drv
  /nix/store/c1mrah2jklxljgns4ss1jb27ngs4j41g-boot.json.drv
  /nix/store/dj9ip6g1kbf1gg8fa23i7iqchhnnmr2f-etc.drv
  /nix/store/h8da5yfhs2fs9ln5l8ssg86f8gpa63v2-activate.drv
  /nix/store/af5mrhs1hi55pykfa8m3fjip06m4fb9a-nixos-system-r4s-sd-card-26.05.10620.f5c082a40f75.drv
  /nix/store/hp82x4pgapfbig9njvifyb5pikrassh6-closure-info.drv
  /nix/store/jjdnagssnz659i5qizj9728m58jh28rq-ext4-fs.img.drv
  /nix/store/xk84hsgc4kk809cd7as9qpmpqdzd1zj7-nixos-image-sd-card-26.05.10620.f5c082a40f75-aarch64-linux.img.drv
building '/nix/store/s8270icyz8qcbh5qwbblkzgkz7p1y8p0-initrd-linux-6.18.53.drv'...
building '/nix/store/xyrj7pfrbyb45r5475ii6bcf08cxk714-unit-script-r4s-pstore-start.drv'...
building '/nix/store/31x495n3x8wldh59q3xq2l26x0a8bv29-unit-r4s-pstore.service.drv'...
building '/nix/store/6z28296li3dq33lb1c347lqxyh8k6sj7-system-units.drv'...
building '/nix/store/c1mrah2jklxljgns4ss1jb27ngs4j41g-boot.json.drv'...
building '/nix/store/dj9ip6g1kbf1gg8fa23i7iqchhnnmr2f-etc.drv'...
building '/nix/store/h8da5yfhs2fs9ln5l8ssg86f8gpa63v2-activate.drv'...
building '/nix/store/af5mrhs1hi55pykfa8m3fjip06m4fb9a-nixos-system-r4s-sd-card-26.05.10620.f5c082a40f75.drv'...
building '/nix/store/hp82x4pgapfbig9njvifyb5pikrassh6-closure-info.drv'...
building '/nix/store/jjdnagssnz659i5qizj9728m58jh28rq-ext4-fs.img.drv'...
building '/nix/store/xk84hsgc4kk809cd7as9qpmpqdzd1zj7-nixos-image-sd-card-26.05.10620.f5c082a40f75-aarch64-linux.img.drv'...
