warning: Nix search path entry '/nix/var/nix/profiles/per-user/root/channels' does not exist, ignoring
evaluation warning: `boot.zfs.forceImportRoot` is using the default value of `true`. It is highly recommended to set it to `false`, the new default from 26.11 on, to reduce the risk of data loss. Alternatively, you can silence this warning by explicitly setting it to `true`.
these 21 derivations will be built:
  /nix/store/vafx2sb3lz16k48zr0rb1hxw3k3shf99-command-not-found.drv
  /nix/store/0ngvd6gjlr0azcax0dpha4d27zg37jhq-etc-bashrc.drv
  /nix/store/179wvxjdg1m1nc1jf62ayakrqdfkpj5v-issue.drv
  /nix/store/agj7ingy1481b8r0vaaiqvwm38ppb1g0-nixos-version.drv
  /nix/store/zvbq10ibly39fs9v01csmgna2kf9g1yr-system-path.drv
  /nix/store/6x0qhk0x8qplzbyhadgxp55zxblbzag0-dbus-1.drv
  /nix/store/ghmqcind3a9xzb2c5mpn32kymyh304i3-X-Restart-Triggers-dbus-broker.drv
  /nix/store/3fssa05k072xb69a0vnwpwis8kdpi5ra-unit-dbus-broker.service.drv
  /nix/store/qm2rzbnda6sgx3pqr3jg7slvps5a6xp8-user-units.drv
  /nix/store/vcsj74vz2nng6ffz6j888fz2zz22arp6-etc-os-release.drv
  /nix/store/7005lpdr8qhxjggck3m8vdnbydw4156f-unit-dbus-broker.service.drv
  /nix/store/6af94w8wqc8pi991kflcbx6vxh70iym0-shutdown-ramfs-contents.json.drv
  /nix/store/svf217rjvyrpg0gfin8a8bvczv2w0ynd-unit-generate-shutdown-ramfs.service.drv
  /nix/store/yhjfbzmflvk38fa5q1qn169iqzywajc5-system-units.drv
  /nix/store/m55dda05q422c4il9rib8j32dxp8jp3d-etc.drv
  /nix/store/559g9ya6p43grwd7nwmv3jlvyvjzkcqh-activate.drv
  /nix/store/yxgf1wry11scizimdm3ac56mylyghc1p-boot.json.drv
  /nix/store/g00a0gia73c6xckl1mayqibczp80n8wb-nixos-system-r4s-sd-card-26.05.10620.f5c082a40f75.drv
  /nix/store/qi2awfivgq98nx71kjd59i60i11c9a9h-closure-info.drv
  /nix/store/y3b3f582wj6cp9mpw7gcw4wxykp1a39d-ext4-fs.img.drv
  /nix/store/8i7d125prk34ks2lba1pklwrzxdiv11x-nixos-image-sd-card-26.05.10620.f5c082a40f75-aarch64-linux.img.drv
building '/nix/store/yxgf1wry11scizimdm3ac56mylyghc1p-boot.json.drv'...
building '/nix/store/vafx2sb3lz16k48zr0rb1hxw3k3shf99-command-not-found.drv'...
building '/nix/store/vcsj74vz2nng6ffz6j888fz2zz22arp6-etc-os-release.drv'...
building '/nix/store/179wvxjdg1m1nc1jf62ayakrqdfkpj5v-issue.drv'...
building '/nix/store/agj7ingy1481b8r0vaaiqvwm38ppb1g0-nixos-version.drv'...
building '/nix/store/6af94w8wqc8pi991kflcbx6vxh70iym0-shutdown-ramfs-contents.json.drv'...
building '/nix/store/svf217rjvyrpg0gfin8a8bvczv2w0ynd-unit-generate-shutdown-ramfs.service.drv'...
building '/nix/store/0ngvd6gjlr0azcax0dpha4d27zg37jhq-etc-bashrc.drv'...
building '/nix/store/zvbq10ibly39fs9v01csmgna2kf9g1yr-system-path.drv'...
building '/nix/store/6x0qhk0x8qplzbyhadgxp55zxblbzag0-dbus-1.drv'...
building '/nix/store/ghmqcind3a9xzb2c5mpn32kymyh304i3-X-Restart-Triggers-dbus-broker.drv'...
building '/nix/store/3fssa05k072xb69a0vnwpwis8kdpi5ra-unit-dbus-broker.service.drv'...
building '/nix/store/7005lpdr8qhxjggck3m8vdnbydw4156f-unit-dbus-broker.service.drv'...
building '/nix/store/yhjfbzmflvk38fa5q1qn169iqzywajc5-system-units.drv'...
building '/nix/store/qm2rzbnda6sgx3pqr3jg7slvps5a6xp8-user-units.drv'...
building '/nix/store/m55dda05q422c4il9rib8j32dxp8jp3d-etc.drv'...
building '/nix/store/559g9ya6p43grwd7nwmv3jlvyvjzkcqh-activate.drv'...
building '/nix/store/g00a0gia73c6xckl1mayqibczp80n8wb-nixos-system-r4s-sd-card-26.05.10620.f5c082a40f75.drv'...
building '/nix/store/qi2awfivgq98nx71kjd59i60i11c9a9h-closure-info.drv'...
building '/nix/store/y3b3f582wj6cp9mpw7gcw4wxykp1a39d-ext4-fs.img.drv'...
building '/nix/store/8i7d125prk34ks2lba1pklwrzxdiv11x-nixos-image-sd-card-26.05.10620.f5c082a40f75-aarch64-linux.img.drv'...
