warning: Nix search path entry '/nix/var/nix/profiles/per-user/root/channels' does not exist, ignoring
evaluation warning: `boot.zfs.forceImportRoot` is using the default value of `true`. It is highly recommended to set it to `false`, the new default from 26.11 on, to reduce the risk of data loss. Alternatively, you can silence this warning by explicitly setting it to `true`.
these 23 derivations will be built:
  /nix/store/fpk7a87qhc6qwgy6x5qz4w595njrx067-extra-udev-rules.drv
  /nix/store/9i6cdg30hh595hjcfz8p26myap71xrgv-udev-rules.drv
  /nix/store/bp6xmj6g294ash72klhc23wcvqj6fwsf-X-Restart-Triggers-systemd-udevd.drv
  /nix/store/01d9spbvbmwz3fph9wmng161mjjpywgw-unit-systemd-udevd.service.drv
  /nix/store/i45v15l7hxwahrb7qn1mib3cm5kdrd9i-etc-sysctl.d-60-nixos.conf.drv
  /nix/store/7vrafyaq63bxhs8mw5bv5kay37s8k00m-X-Restart-Triggers-systemd-sysctl.drv
  /nix/store/0gg1sl40zgzdivwnqrklkl8ff8vqrmi3-unit-systemd-sysctl.service.drv
  /nix/store/1isrbn9fj0m22dmicvbzg63i3l13h7g6-hwdb.bin.drv
  /nix/store/21klg9hkqjbpxlhlq4bx1g7k8pzsl58h-unit-40-eth0.link.drv
  /nix/store/i9hdsnigq7vyp7827glaxz56mrl90j2v-etc-modprobe.d-nixos.conf.drv
  /nix/store/2bs2whkgjjvhfi4zxfzd25bkf5ysxga2-initrd-linux-6.18.53.drv
  /nix/store/pnz9s73g74x1gdprkmwl2lrbwni5fx64-unit-script-network-addresses-eth0-start.drv
  /nix/store/a3c32vxsahpzanv7lh3mfqp2dyz45md7-unit-network-addresses-eth0.service.drv
  /nix/store/iyc8fm7jyzqvamdrl2yjl19cr6djkhkw-unit-script-network-local-commands-start.drv
  /nix/store/g6llb9xvrds6awd5r13x0cxdxw24w15r-unit-network-local-commands.service.drv
  /nix/store/6igidg0ikrr92d8q8606ymlkziij6l9p-system-units.drv
  /nix/store/705n6svc8105l33lliv42hd61jj2fi0w-etc.drv
  /nix/store/71n9qhwqf72141jcs1f1hdr2vpsxjl1d-boot.json.drv
  /nix/store/ivxvcv3p6qwgb4876r3lzx9285lfapvg-activate.drv
  /nix/store/687ywqj94v2ixnk0b5f78mafvbkf8k67-nixos-system-r4s-sd-card-26.05.10620.f5c082a40f75.drv
  /nix/store/dw9qfmxh06sdcm0yj44vzmsa34sxij5p-closure-info.drv
  /nix/store/jlg4nabdzvsbl886masl3z9l4rf4ils2-ext4-fs.img.drv
  /nix/store/bz0lp30x2v1w2qwp4yv96qxd9da3j57q-nixos-image-sd-card-26.05.10620.f5c082a40f75-aarch64-linux.img.drv
building '/nix/store/i9hdsnigq7vyp7827glaxz56mrl90j2v-etc-modprobe.d-nixos.conf.drv'...
building '/nix/store/i45v15l7hxwahrb7qn1mib3cm5kdrd9i-etc-sysctl.d-60-nixos.conf.drv'...
building '/nix/store/21klg9hkqjbpxlhlq4bx1g7k8pzsl58h-unit-40-eth0.link.drv'...
building '/nix/store/fpk7a87qhc6qwgy6x5qz4w595njrx067-extra-udev-rules.drv'...
building '/nix/store/pnz9s73g74x1gdprkmwl2lrbwni5fx64-unit-script-network-addresses-eth0-start.drv'...
building '/nix/store/iyc8fm7jyzqvamdrl2yjl19cr6djkhkw-unit-script-network-local-commands-start.drv'...
building '/nix/store/1isrbn9fj0m22dmicvbzg63i3l13h7g6-hwdb.bin.drv'...
building '/nix/store/9i6cdg30hh595hjcfz8p26myap71xrgv-udev-rules.drv'...
building '/nix/store/2bs2whkgjjvhfi4zxfzd25bkf5ysxga2-initrd-linux-6.18.53.drv'...
building '/nix/store/7vrafyaq63bxhs8mw5bv5kay37s8k00m-X-Restart-Triggers-systemd-sysctl.drv'...
building '/nix/store/a3c32vxsahpzanv7lh3mfqp2dyz45md7-unit-network-addresses-eth0.service.drv'...
building '/nix/store/g6llb9xvrds6awd5r13x0cxdxw24w15r-unit-network-local-commands.service.drv'...
building '/nix/store/0gg1sl40zgzdivwnqrklkl8ff8vqrmi3-unit-systemd-sysctl.service.drv'...
building '/nix/store/bp6xmj6g294ash72klhc23wcvqj6fwsf-X-Restart-Triggers-systemd-udevd.drv'...
building '/nix/store/01d9spbvbmwz3fph9wmng161mjjpywgw-unit-systemd-udevd.service.drv'...
building '/nix/store/6igidg0ikrr92d8q8606ymlkziij6l9p-system-units.drv'...
building '/nix/store/71n9qhwqf72141jcs1f1hdr2vpsxjl1d-boot.json.drv'...
building '/nix/store/705n6svc8105l33lliv42hd61jj2fi0w-etc.drv'...
building '/nix/store/ivxvcv3p6qwgb4876r3lzx9285lfapvg-activate.drv'...
building '/nix/store/687ywqj94v2ixnk0b5f78mafvbkf8k67-nixos-system-r4s-sd-card-26.05.10620.f5c082a40f75.drv'...
building '/nix/store/dw9qfmxh06sdcm0yj44vzmsa34sxij5p-closure-info.drv'...
building '/nix/store/jlg4nabdzvsbl886masl3z9l4rf4ils2-ext4-fs.img.drv'...
building '/nix/store/bz0lp30x2v1w2qwp4yv96qxd9da3j57q-nixos-image-sd-card-26.05.10620.f5c082a40f75-aarch64-linux.img.drv'...
